{"level":30,"time":1779039754292,"pid":1169172,"hostname":"ali","msg":"Server listening at http://[::1]:3000"}
{"level":30,"time":1779039754294,"pid":1169172,"hostname":"ali","msg":"Server listening at http://127.0.0.1:3000"}
{"level":30,"time":1779039754294,"pid":1169172,"hostname":"ali","msg":"Server listening on http://localhost:3000"}
{"level":30,"time":1779039755288,"pid":1169172,"hostname":"ali","reqId":"req-1","req":{"method":"GET","url":"/health","host":"localhost:3000","remoteAddress":"::1","remotePort":60012},"msg":"incoming request"}
{"level":30,"time":1779039755298,"pid":1169172,"hostname":"ali","reqId":"req-1","res":{"statusCode":200},"responseTime":9.442555963993073,"msg":"request completed"}
{"level":30,"time":1779039758571,"pid":1169172,"hostname":"ali","reqId":"req-2","req":{"method":"GET","url":"/health","host":"localhost:3000","remoteAddress":"::1","remotePort":60022},"msg":"incoming request"}
{"level":30,"time":1779039758573,"pid":1169172,"hostname":"ali","reqId":"req-2","res":{"statusCode":200},"responseTime":1.7515770196914673,"msg":"request completed"}
{"level":30,"time":1779039759435,"pid":1169172,"hostname":"ali","reqId":"req-3","req":{"method":"GET","url":"/health","host":"localhost:3000","remoteAddress":"::1","remotePort":60022},"msg":"incoming request"}
{"level":30,"time":1779039759438,"pid":1169172,"hostname":"ali","reqId":"req-3","res":{"statusCode":200},"responseTime":2.5670679807662964,"msg":"request completed"}
{"level":30,"time":1779039759917,"pid":1169172,"hostname":"ali","reqId":"req-4","req":{"method":"GET","url":"/health","host":"localhost:3000","remoteAddress":"::1","remotePort":60022},"msg":"incoming request"}
{"level":30,"time":1779039759922,"pid":1169172,"hostname":"ali","reqId":"req-4","res":{"statusCode":200},"responseTime":2.7078399658203125,"msg":"request completed"}
{"level":30,"time":1779039824226,"pid":1169172,"hostname":"ali","reqId":"req-5","req":{"method":"GET","url":"/health","host":"localhost:3000","remoteAddress":"::1","remotePort":60022},"msg":"incoming request"}
{"level":30,"time":1779039824230,"pid":1169172,"hostname":"ali","reqId":"req-5","res":{"statusCode":200},"responseTime":3.1973860263824463,"msg":"request completed"}
{"level":30,"time":1779039828151,"pid":1169172,"hostname":"ali","reqId":"req-6","req":{"method":"GET","url":"/internal/docs","host":"localhost:3000","remoteAddress":"::1","remotePort":60022},"msg":"incoming request"}
{"level":30,"time":1779039828156,"pid":1169172,"hostname":"ali","reqId":"req-6","res":{"statusCode":401},"responseTime":2.5591350197792053,"msg":"request completed"}
{"level":30,"time":1779039833845,"pid":1169172,"hostname":"ali","reqId":"req-7","req":{"method":"GET","url":"/internal/docs","host":"localhost:3000","remoteAddress":"::1","remotePort":60022},"msg":"incoming request"}
{"level":30,"time":1779039833848,"pid":1169172,"hostname":"ali","reqId":"req-7","res":{"statusCode":200},"responseTime":2.5795559883117676,"msg":"request completed"}
{"level":30,"time":1779039833931,"pid":1169172,"hostname":"ali","reqId":"req-8","req":{"method":"GET","url":"/internal/docs/static/swagger-ui.css","host":"localhost:3000","remoteAddress":"::1","remotePort":60022},"msg":"incoming request"}
{"level":30,"time":1779039833957,"pid":1169172,"hostname":"ali","reqId":"req-8","res":{"statusCode":304},"responseTime":20.333595991134644,"msg":"request completed"}
{"level":30,"time":1779039833961,"pid":1169172,"hostname":"ali","reqId":"req-9","req":{"method":"GET","url":"/internal/docs/static/index.css","host":"localhost:3000","remoteAddress":"::1","remotePort":44500},"msg":"incoming request"}
{"level":30,"time":1779039833966,"pid":1169172,"hostname":"ali","reqId":"req-9","res":{"statusCode":304},"responseTime":3.086074948310852,"msg":"request completed"}
{"level":30,"time":1779039833967,"pid":1169172,"hostname":"ali","reqId":"req-a","req":{"method":"GET","url":"/internal/docs/static/swagger-ui-bundle.js","host":"localhost:3000","remoteAddress":"::1","remotePort":44514},"msg":"incoming request"}
{"level":30,"time":1779039833968,"pid":1169172,"hostname":"ali","reqId":"req-b","req":{"method":"GET","url":"/internal/docs/static/swagger-ui-standalone-preset.js","host":"localhost:3000","remoteAddress":"::1","remotePort":44522},"msg":"incoming request"}
{"level":30,"time":1779039833974,"pid":1169172,"hostname":"ali","reqId":"req-a","res":{"statusCode":304},"responseTime":6.622041046619415,"msg":"request completed"}
{"level":30,"time":1779039833974,"pid":1169172,"hostname":"ali","reqId":"req-c","req":{"method":"GET","url":"/internal/docs/static/swagger-initializer.js","host":"localhost:3000","remoteAddress":"::1","remotePort":44524},"msg":"incoming request"}
{"level":30,"time":1779039833979,"pid":1169172,"hostname":"ali","reqId":"req-c","res":{"statusCode":200},"responseTime":4.415826976299286,"msg":"request completed"}
{"level":30,"time":1779039833980,"pid":1169172,"hostname":"ali","reqId":"req-b","res":{"statusCode":304},"responseTime":11.449732959270477,"msg":"request completed"}
{"level":30,"time":1779039834066,"pid":1169172,"hostname":"ali","reqId":"req-d","req":{"method":"GET","url":"/internal/docs/static/swagger-initializer.js","host":"localhost:3000","remoteAddress":"::1","remotePort":44536},"msg":"incoming request"}
{"level":30,"time":1779039834073,"pid":1169172,"hostname":"ali","reqId":"req-d","res":{"statusCode":200},"responseTime":6.725032031536102,"msg":"request completed"}
{"level":30,"time":1779039834081,"pid":1169172,"hostname":"ali","reqId":"req-e","req":{"method":"GET","url":"/internal/docs/static/swagger-ui-standalone-preset.js","host":"localhost:3000","remoteAddress":"::1","remotePort":44550},"msg":"incoming request"}
{"level":30,"time":1779039834085,"pid":1169172,"hostname":"ali","reqId":"req-e","res":{"statusCode":304},"responseTime":4.404926002025604,"msg":"request completed"}
{"level":30,"time":1779039834086,"pid":1169172,"hostname":"ali","reqId":"req-f","req":{"method":"GET","url":"/internal/docs/static/swagger-ui-bundle.js","host":"localhost:3000","remoteAddress":"::1","remotePort":44560},"msg":"incoming request"}
{"level":30,"time":1779039834100,"pid":1169172,"hostname":"ali","reqId":"req-f","res":{"statusCode":304},"responseTime":13.927476048469543,"msg":"request completed"}
{"level":30,"time":1779039834241,"pid":1169172,"hostname":"ali","reqId":"req-g","req":{"method":"GET","url":"/internal/docs/json","host":"localhost:3000","remoteAddress":"::1","remotePort":44524},"msg":"incoming request"}
{"level":30,"time":1779039834267,"pid":1169172,"hostname":"ali","reqId":"req-g","res":{"statusCode":200},"responseTime":25.97217094898224,"msg":"request completed"}
{"level":30,"time":1779039834401,"pid":1169172,"hostname":"ali","reqId":"req-h","req":{"method":"GET","url":"/internal/docs/static/favicon-32x32.png","host":"localhost:3000","remoteAddress":"::1","remotePort":44524},"msg":"incoming request"}
{"level":30,"time":1779039834411,"pid":1169172,"hostname":"ali","reqId":"req-h","res":{"statusCode":304},"responseTime":9.029100954532623,"msg":"request completed"}
{"level":30,"time":1779039863873,"pid":1169172,"hostname":"ali","reqId":"req-i","req":{"method":"GET","url":"/api/auth/me","host":"localhost:3000","remoteAddress":"::1","remotePort":39630},"msg":"incoming request"}
{"level":30,"time":1779039863960,"pid":1169172,"hostname":"ali","reqId":"req-i","res":{"statusCode":200},"responseTime":86.47433596849442,"msg":"request completed"}
{"level":30,"time":1779039864243,"pid":1169172,"hostname":"ali","reqId":"req-j","req":{"method":"GET","url":"/api/timesheet?limit=10","host":"localhost:3000","remoteAddress":"::1","remotePort":39642},"msg":"incoming request"}
{"level":30,"time":1779039864279,"pid":1169172,"hostname":"ali","reqId":"req-j","res":{"statusCode":200},"responseTime":32.78243798017502,"msg":"request completed"}
{"level":30,"time":1779039864298,"pid":1169172,"hostname":"ali","reqId":"req-k","req":{"method":"GET","url":"/api/timesheet?limit=10","host":"localhost:3000","remoteAddress":"::1","remotePort":39654},"msg":"incoming request"}
{"level":30,"time":1779039864331,"pid":1169172,"hostname":"ali","reqId":"req-k","res":{"statusCode":200},"responseTime":32.32184594869614,"msg":"request completed"}
{"level":30,"time":1779039879023,"pid":1169172,"hostname":"ali","reqId":"req-l","req":{"method":"GET","url":"/api/timesheet","host":"localhost:3000","remoteAddress":"::1","remotePort":38746},"msg":"incoming request"}
{"level":30,"time":1779039879087,"pid":1169172,"hostname":"ali","reqId":"req-l","res":{"statusCode":200},"responseTime":59.195034980773926,"msg":"request completed"}
{"level":30,"time":1779039879113,"pid":1169172,"hostname":"ali","reqId":"req-m","req":{"method":"GET","url":"/api/timesheet","host":"localhost:3000","remoteAddress":"::1","remotePort":38750},"msg":"incoming request"}
{"level":30,"time":1779039879122,"pid":1169172,"hostname":"ali","reqId":"req-m","res":{"statusCode":200},"responseTime":9.115722954273224,"msg":"request completed"}
{"level":30,"time":1779039893847,"pid":1169172,"hostname":"ali","reqId":"req-n","req":{"method":"GET","url":"/api/timesheet?limit=10","host":"localhost:3000","remoteAddress":"::1","remotePort":57786},"msg":"incoming request"}
{"level":30,"time":1779039893944,"pid":1169172,"hostname":"ali","reqId":"req-n","res":{"statusCode":200},"responseTime":96.83907794952393,"msg":"request completed"}
{"level":30,"time":1779039893967,"pid":1169172,"hostname":"ali","reqId":"req-o","req":{"method":"GET","url":"/api/timesheet?limit=10","host":"localhost:3000","remoteAddress":"::1","remotePort":57800},"msg":"incoming request"}
{"level":30,"time":1779039893977,"pid":1169172,"hostname":"ali","reqId":"req-o","res":{"statusCode":200},"responseTime":9.592733025550842,"msg":"request completed"}
{"level":30,"time":1779039897424,"pid":1169172,"hostname":"ali","reqId":"req-p","req":{"method":"GET","url":"/api/export/template","host":"localhost:3000","remoteAddress":"::1","remotePort":37222},"msg":"incoming request"}
{"level":30,"time":1779039897430,"pid":1169172,"hostname":"ali","reqId":"req-p","res":{"statusCode":200},"responseTime":5.925823986530304,"msg":"request completed"}
{"level":30,"time":1779039897449,"pid":1169172,"hostname":"ali","reqId":"req-q","req":{"method":"GET","url":"/api/export/template","host":"localhost:3000","remoteAddress":"::1","remotePort":37228},"msg":"incoming request"}
{"level":30,"time":1779039897454,"pid":1169172,"hostname":"ali","reqId":"req-q","res":{"statusCode":200},"responseTime":4.534477949142456,"msg":"request completed"}
{"level":30,"time":1779039921786,"pid":1169172,"hostname":"ali","reqId":"req-r","req":{"method":"GET","url":"/api/export/template","host":"localhost:3000","remoteAddress":"::1","remotePort":49748},"msg":"incoming request"}
{"level":30,"time":1779039921811,"pid":1169172,"hostname":"ali","reqId":"req-r","res":{"statusCode":200},"responseTime":24.63713002204895,"msg":"request completed"}
{"level":30,"time":1779039921821,"pid":1169172,"hostname":"ali","reqId":"req-s","req":{"method":"GET","url":"/api/export/template","host":"localhost:3000","remoteAddress":"::1","remotePort":49760},"msg":"incoming request"}
{"level":30,"time":1779039921825,"pid":1169172,"hostname":"ali","reqId":"req-s","res":{"statusCode":200},"responseTime":3.8944109678268433,"msg":"request completed"}
{"level":30,"time":1779039929857,"pid":1169172,"hostname":"ali","reqId":"req-t","req":{"method":"GET","url":"/api/export/template","host":"localhost:3000","remoteAddress":"::1","remotePort":50444},"msg":"incoming request"}
{"level":30,"time":1779039929886,"pid":1169172,"hostname":"ali","reqId":"req-t","res":{"statusCode":200},"responseTime":29.35176795721054,"msg":"request completed"}
{"level":30,"time":1779039929891,"pid":1169172,"hostname":"ali","reqId":"req-u","req":{"method":"GET","url":"/api/holidays","host":"localhost:3000","remoteAddress":"::1","remotePort":50460},"msg":"incoming request"}
{"level":30,"time":1779039929897,"pid":1169172,"hostname":"ali","reqId":"req-v","req":{"method":"GET","url":"/api/absence-reasons","host":"localhost:3000","remoteAddress":"::1","remotePort":50474},"msg":"incoming request"}
{"level":30,"time":1779039929901,"pid":1169172,"hostname":"ali","reqId":"req-u","res":{"statusCode":200},"responseTime":9.848981022834778,"msg":"request completed"}
{"level":30,"time":1779039929904,"pid":1169172,"hostname":"ali","reqId":"req-w","req":{"method":"GET","url":"/api/export/template","host":"localhost:3000","remoteAddress":"::1","remotePort":50482},"msg":"incoming request"}
{"level":30,"time":1779039929907,"pid":1169172,"hostname":"ali","reqId":"req-w","res":{"statusCode":200},"responseTime":3.2888240218162537,"msg":"request completed"}
{"level":30,"time":1779039929909,"pid":1169172,"hostname":"ali","reqId":"req-x","req":{"method":"GET","url":"/api/holidays","host":"localhost:3000","remoteAddress":"::1","remotePort":50494},"msg":"incoming request"}
{"level":30,"time":1779039929912,"pid":1169172,"hostname":"ali","reqId":"req-x","res":{"statusCode":200},"responseTime":2.578031003475189,"msg":"request completed"}
{"level":30,"time":1779039929984,"pid":1169172,"hostname":"ali","reqId":"req-v","res":{"statusCode":200},"responseTime":87.052237033844,"msg":"request completed"}
{"level":30,"time":1779039929991,"pid":1169172,"hostname":"ali","reqId":"req-y","req":{"method":"GET","url":"/api/absence-reasons","host":"localhost:3000","remoteAddress":"::1","remotePort":50496},"msg":"incoming request"}
{"level":30,"time":1779039929995,"pid":1169172,"hostname":"ali","reqId":"req-y","res":{"statusCode":200},"responseTime":3.0660319924354553,"msg":"request completed"}
{"level":30,"time":1779039978197,"pid":1169172,"hostname":"ali","reqId":"req-z","req":{"method":"POST","url":"/api/holidays/sync","host":"localhost:3000","remoteAddress":"::1","remotePort":41964},"msg":"incoming request"}
{"level":30,"time":1779039983483,"pid":1169172,"hostname":"ali","reqId":"req-z","res":{"statusCode":200},"responseTime":5286.197157025337,"msg":"request completed"}
{"level":30,"time":1779039983548,"pid":1169172,"hostname":"ali","reqId":"req-10","req":{"method":"GET","url":"/api/holidays","host":"localhost:3000","remoteAddress":"::1","remotePort":41974},"msg":"incoming request"}
{"level":30,"time":1779039983554,"pid":1169172,"hostname":"ali","reqId":"req-10","res":{"statusCode":200},"responseTime":6.007979035377502,"msg":"request completed"}
{"level":30,"time":1779040046773,"pid":1169172,"hostname":"ali","reqId":"req-11","req":{"method":"POST","url":"/api/holidays/sync","host":"localhost:3000","remoteAddress":"::1","remotePort":47264},"msg":"incoming request"}
{"level":30,"time":1779040047230,"pid":1169172,"hostname":"ali","reqId":"req-11","res":{"statusCode":200},"responseTime":457.3823490142822,"msg":"request completed"}
{"level":30,"time":1779040047273,"pid":1169172,"hostname":"ali","reqId":"req-12","req":{"method":"GET","url":"/api/holidays","host":"localhost:3000","remoteAddress":"::1","remotePort":47276},"msg":"incoming request"}
{"level":30,"time":1779040047289,"pid":1169172,"hostname":"ali","reqId":"req-12","res":{"statusCode":200},"responseTime":16.168424010276794,"msg":"request completed"}
{"level":30,"time":1779040061789,"pid":1169172,"hostname":"ali","reqId":"req-13","req":{"method":"POST","url":"/api/absence-reasons","host":"localhost:3000","remoteAddress":"::1","remotePort":50568},"msg":"incoming request"}
{"level":30,"time":1779040069416,"pid":1169172,"hostname":"ali","reqId":"req-13","res":{"statusCode":201},"responseTime":7625.828754007816,"msg":"request completed"}
{"level":30,"time":1779040076959,"pid":1169172,"hostname":"ali","reqId":"req-14","req":{"method":"DELETE","url":"/api/absence-reasons/6dd413a4-65f8-4b68-809c-4054d60e376b","host":"localhost:3000","remoteAddress":"::1","remotePort":43192},"msg":"incoming request"}
{"level":30,"time":1779040077740,"pid":1169172,"hostname":"ali","reqId":"req-14","res":{"statusCode":200},"responseTime":780.6466280221939,"msg":"request completed"}
{"level":30,"time":1779040197281,"pid":1169172,"hostname":"ali","reqId":"req-15","req":{"method":"POST","url":"/api/absence-reasons","host":"localhost:3000","remoteAddress":"::1","remotePort":54400},"msg":"incoming request"}
{"level":30,"time":1779040197285,"pid":1169172,"hostname":"ali","reqId":"req-16","req":{"method":"POST","url":"/api/absence-reasons","host":"localhost:3000","remoteAddress":"::1","remotePort":54402},"msg":"incoming request"}
{"level":30,"time":1779040198986,"pid":1169172,"hostname":"ali","reqId":"req-15","res":{"statusCode":201},"responseTime":1704.912025988102,"msg":"request completed"}
{"level":50,"time":1779040199001,"pid":1169172,"hostname":"ali","reqId":"req-16","req":{"method":"POST","url":"/api/absence-reasons","host":"localhost:3000","remoteAddress":"::1","remotePort":54402},"res":{"statusCode":500},"err":{"type":"DrizzleQueryError","message":"Failed query: insert into \"absence_reasons\" (\"id\", \"user_id\", \"name\", \"color\", \"created_at\") values (default, $1, $2, $3, default) returning \"id\", \"user_id\", \"name\", \"color\", \"created_at\"\nparams: 51262948-e5b3-4172-9f7c-33c9a22c0024,Sakit,#424ef0: duplicate key value violates unique constraint \"absence_reasons_user_id_name_key\"","stack":"Error: Failed query: insert into \"absence_reasons\" (\"id\", \"user_id\", \"name\", \"color\", \"created_at\") values (default, $1, $2, $3, default) returning \"id\", \"user_id\", \"name\", \"color\", \"created_at\"\nparams: 51262948-e5b3-4172-9f7c-33c9a22c0024,Sakit,#424ef0\n    at NodePgPreparedQuery.queryWithCache (/home/muhali16/Developments/personal/projects/timeshit/backend/node_modules/drizzle-orm/pg-core/session.cjs:66:15)\n    at process.processTicksAndRejections (node:internal/process/task_queues:95:5)\n    at async /home/muhali16/Developments/personal/projects/timeshit/backend/node_modules/drizzle-orm/node-postgres/session.cjs:152:22\n    at async AbsenceController.createReason (/home/muhali16/Developments/personal/projects/timeshit/backend/src/controllers/absenceController.js:21:22)\ncaused by: error: duplicate key value violates unique constraint \"absence_reasons_user_id_name_key\"\n    at /home/muhali16/Developments/personal/projects/timeshit/backend/node_modules/pg-pool/index.js:45:11\n    at process.processTicksAndRejections (node:internal/process/task_queues:95:5)\n    at async /home/muhali16/Developments/personal/projects/timeshit/backend/node_modules/drizzle-orm/node-postgres/session.cjs:159:18\n    at async NodePgPreparedQuery.queryWithCache (/home/muhali16/Developments/personal/projects/timeshit/backend/node_modules/drizzle-orm/pg-core/session.cjs:64:16)\n    at async /home/muhali16/Developments/personal/projects/timeshit/backend/node_modules/drizzle-orm/node-postgres/session.cjs:152:22\n    at async AbsenceController.createReason (/home/muhali16/Developments/personal/projects/timeshit/backend/src/controllers/absenceController.js:21:22)","query":"insert into \"absence_reasons\" (\"id\", \"user_id\", \"name\", \"color\", \"created_at\") values (default, $1, $2, $3, default) returning \"id\", \"user_id\", \"name\", \"color\", \"created_at\"","params":["51262948-e5b3-4172-9f7c-33c9a22c0024","Sakit","#424ef0"]},"msg":"Failed query: insert into \"absence_reasons\" (\"id\", \"user_id\", \"name\", \"color\", \"created_at\") values (default, $1, $2, $3, default) returning \"id\", \"user_id\", \"name\", \"color\", \"created_at\"\nparams: 51262948-e5b3-4172-9f7c-33c9a22c0024,Sakit,#424ef0"}
{"level":30,"time":1779040199017,"pid":1169172,"hostname":"ali","reqId":"req-16","res":{"statusCode":500},"responseTime":1732.4155330061913,"msg":"request completed"}
{"level":30,"time":1779040217418,"pid":1169172,"hostname":"ali","reqId":"req-17","req":{"method":"POST","url":"/api/absence-reasons","host":"localhost:3000","remoteAddress":"::1","remotePort":43860},"msg":"incoming request"}
{"level":30,"time":1779040217467,"pid":1169172,"hostname":"ali","reqId":"req-17","res":{"statusCode":201},"responseTime":48.04163998365402,"msg":"request completed"}
{"level":30,"time":1779040233222,"pid":1169172,"hostname":"ali","reqId":"req-18","req":{"method":"GET","url":"/api/timesheet","host":"localhost:3000","remoteAddress":"::1","remotePort":59420},"msg":"incoming request"}
{"level":30,"time":1779040233234,"pid":1169172,"hostname":"ali","reqId":"req-19","req":{"method":"GET","url":"/api/absence","host":"localhost:3000","remoteAddress":"::1","remotePort":59430},"msg":"incoming request"}
{"level":30,"time":1779040233317,"pid":1169172,"hostname":"ali","reqId":"req-18","res":{"statusCode":200},"responseTime":94.43852400779724,"msg":"request completed"}
{"level":30,"time":1779040233322,"pid":1169172,"hostname":"ali","reqId":"req-19","res":{"statusCode":200},"responseTime":87.5979990363121,"msg":"request completed"}
{"level":30,"time":1779040233338,"pid":1169172,"hostname":"ali","reqId":"req-1a","req":{"method":"GET","url":"/api/timesheet","host":"localhost:3000","remoteAddress":"::1","remotePort":59440},"msg":"incoming request"}
{"level":30,"time":1779040233341,"pid":1169172,"hostname":"ali","reqId":"req-1b","req":{"method":"GET","url":"/api/absence","host":"localhost:3000","remoteAddress":"::1","remotePort":59450},"msg":"incoming request"}
{"level":30,"time":1779040233347,"pid":1169172,"hostname":"ali","reqId":"req-1b","res":{"statusCode":200},"responseTime":5.14835000038147,"msg":"request completed"}
{"level":30,"time":1779040233348,"pid":1169172,"hostname":"ali","reqId":"req-1a","res":{"statusCode":200},"responseTime":10.14666098356247,"msg":"request completed"}
{"level":30,"time":1779040235960,"pid":1169172,"hostname":"ali","reqId":"req-1c","req":{"method":"GET","url":"/api/absence-reasons","host":"localhost:3000","remoteAddress":"::1","remotePort":39082},"msg":"incoming request"}
{"level":30,"time":1779040235973,"pid":1169172,"hostname":"ali","reqId":"req-1c","res":{"statusCode":200},"responseTime":12.29282397031784,"msg":"request completed"}
{"level":30,"time":1779040243634,"pid":1169172,"hostname":"ali","reqId":"req-1d","req":{"method":"POST","url":"/api/absence","host":"localhost:3000","remoteAddress":"::1","remotePort":39098},"msg":"incoming request"}
{"level":30,"time":1779040243757,"pid":1169172,"hostname":"ali","reqId":"req-1d","res":{"statusCode":201},"responseTime":123.29715698957443,"msg":"request completed"}
{"level":30,"time":1779040243825,"pid":1169172,"hostname":"ali","reqId":"req-1e","req":{"method":"GET","url":"/api/absence","host":"localhost:3000","remoteAddress":"::1","remotePort":39112},"msg":"incoming request"}
{"level":30,"time":1779040243830,"pid":1169172,"hostname":"ali","reqId":"req-1e","res":{"statusCode":200},"responseTime":5.206606030464172,"msg":"request completed"}
{"level":30,"time":1779040257435,"pid":1169172,"hostname":"ali","reqId":"req-1f","req":{"method":"GET","url":"/api/auth/me","host":"localhost:3000","remoteAddress":"::1","remotePort":43124},"msg":"incoming request"}
{"level":30,"time":1779040257515,"pid":1169172,"hostname":"ali","reqId":"req-1f","res":{"statusCode":200},"responseTime":78.14750498533249,"msg":"request completed"}
{"level":30,"time":1779040257701,"pid":1169172,"hostname":"ali","reqId":"req-1g","req":{"method":"GET","url":"/api/timesheet","host":"localhost:3000","remoteAddress":"::1","remotePort":43134},"msg":"incoming request"}
{"level":30,"time":1779040257784,"pid":1169172,"hostname":"ali","reqId":"req-1h","req":{"method":"GET","url":"/api/absence","host":"localhost:3000","remoteAddress":"::1","remotePort":43150},"msg":"incoming request"}
{"level":30,"time":1779040257798,"pid":1169172,"hostname":"ali","reqId":"req-1g","res":{"statusCode":200},"responseTime":73.06083399057388,"msg":"request completed"}
{"level":30,"time":1779040257820,"pid":1169172,"hostname":"ali","reqId":"req-1i","req":{"method":"GET","url":"/api/timesheet","host":"localhost:3000","remoteAddress":"::1","remotePort":43152},"msg":"incoming request"}
{"level":30,"time":1779040257897,"pid":1169172,"hostname":"ali","reqId":"req-1i","res":{"statusCode":200},"responseTime":72.31602400541306,"msg":"request completed"}
{"level":30,"time":1779040258128,"pid":1169172,"hostname":"ali","reqId":"req-1h","res":{"statusCode":200},"responseTime":339.9237520098686,"msg":"request completed"}
{"level":30,"time":1779040258227,"pid":1169172,"hostname":"ali","reqId":"req-1j","req":{"method":"GET","url":"/api/absence","host":"localhost:3000","remoteAddress":"::1","remotePort":43154},"msg":"incoming request"}
{"level":30,"time":1779040258383,"pid":1169172,"hostname":"ali","reqId":"req-1j","res":{"statusCode":200},"responseTime":155.32199895381927,"msg":"request completed"}
{"level":30,"time":1779040260821,"pid":1169172,"hostname":"ali","reqId":"req-1k","req":{"method":"GET","url":"/api/timesheet?limit=10","host":"localhost:3000","remoteAddress":"::1","remotePort":43164},"msg":"incoming request"}
{"level":30,"time":1779040260923,"pid":1169172,"hostname":"ali","reqId":"req-1k","res":{"statusCode":200},"responseTime":101.56693196296692,"msg":"request completed"}
{"level":30,"time":1779040260971,"pid":1169172,"hostname":"ali","reqId":"req-1l","req":{"method":"GET","url":"/api/timesheet?limit=10","host":"localhost:3000","remoteAddress":"::1","remotePort":43180},"msg":"incoming request"}
{"level":30,"time":1779040260991,"pid":1169172,"hostname":"ali","reqId":"req-1l","res":{"statusCode":200},"responseTime":19.437519013881683,"msg":"request completed"}
{"level":30,"time":1779040264472,"pid":1169172,"hostname":"ali","reqId":"req-1m","req":{"method":"GET","url":"/api/timesheet","host":"localhost:3000","remoteAddress":"::1","remotePort":43190},"msg":"incoming request"}
{"level":30,"time":1779040264508,"pid":1169172,"hostname":"ali","reqId":"req-1n","req":{"method":"GET","url":"/api/absence","host":"localhost:3000","remoteAddress":"::1","remotePort":43202},"msg":"incoming request"}
{"level":30,"time":1779040264526,"pid":1169172,"hostname":"ali","reqId":"req-1n","res":{"statusCode":200},"responseTime":17.730150043964386,"msg":"request completed"}
{"level":30,"time":1779040264538,"pid":1169172,"hostname":"ali","reqId":"req-1m","res":{"statusCode":200},"responseTime":65.13434702157974,"msg":"request completed"}
{"level":30,"time":1779040264540,"pid":1169172,"hostname":"ali","reqId":"req-1o","req":{"method":"GET","url":"/api/absence","host":"localhost:3000","remoteAddress":"::1","remotePort":43218},"msg":"incoming request"}
{"level":30,"time":1779040264629,"pid":1169172,"hostname":"ali","reqId":"req-1p","req":{"method":"GET","url":"/api/timesheet","host":"localhost:3000","remoteAddress":"::1","remotePort":43220},"msg":"incoming request"}
{"level":30,"time":1779040264658,"pid":1169172,"hostname":"ali","reqId":"req-1o","res":{"statusCode":200},"responseTime":110.93228298425674,"msg":"request completed"}
{"level":30,"time":1779040264668,"pid":1169172,"hostname":"ali","reqId":"req-1p","res":{"statusCode":200},"responseTime":38.93247604370117,"msg":"request completed"}
{"level":30,"time":1779040272388,"pid":1169172,"hostname":"ali","reqId":"req-1q","req":{"method":"DELETE","url":"/api/absence/7f6507e1-5eae-4612-a180-65db2b7ad0d0","host":"localhost:3000","remoteAddress":"::1","remotePort":55134},"msg":"incoming request"}
{"level":30,"time":1779040272597,"pid":1169172,"hostname":"ali","reqId":"req-1q","res":{"statusCode":200},"responseTime":208.22438502311707,"msg":"request completed"}
{"level":30,"time":1779040275375,"pid":1169172,"hostname":"ali","reqId":"req-1r","req":{"method":"GET","url":"/api/auth/me","host":"localhost:3000","remoteAddress":"::1","remotePort":50150},"msg":"incoming request"}
{"level":30,"time":1779040275500,"pid":1169172,"hostname":"ali","reqId":"req-1r","res":{"statusCode":200},"responseTime":124.51286000013351,"msg":"request completed"}
{"level":30,"time":1779040275817,"pid":1169172,"hostname":"ali","reqId":"req-1s","req":{"method":"GET","url":"/api/timesheet","host":"localhost:3000","remoteAddress":"::1","remotePort":50156},"msg":"incoming request"}
{"level":30,"time":1779040275825,"pid":1169172,"hostname":"ali","reqId":"req-1s","res":{"statusCode":200},"responseTime":7.395676016807556,"msg":"request completed"}
{"level":30,"time":1779040275921,"pid":1169172,"hostname":"ali","reqId":"req-1t","req":{"method":"GET","url":"/api/absence","host":"localhost:3000","remoteAddress":"::1","remotePort":50164},"msg":"incoming request"}
{"level":30,"time":1779040275932,"pid":1169172,"hostname":"ali","reqId":"req-1t","res":{"statusCode":200},"responseTime":9.56360399723053,"msg":"request completed"}
{"level":30,"time":1779040275952,"pid":1169172,"hostname":"ali","reqId":"req-1u","req":{"method":"GET","url":"/api/timesheet","host":"localhost:3000","remoteAddress":"::1","remotePort":50174},"msg":"incoming request"}
{"level":30,"time":1779040275971,"pid":1169172,"hostname":"ali","reqId":"req-1v","req":{"method":"GET","url":"/api/absence","host":"localhost:3000","remoteAddress":"::1","remotePort":50182},"msg":"incoming request"}
{"level":30,"time":1779040275981,"pid":1169172,"hostname":"ali","reqId":"req-1u","res":{"statusCode":200},"responseTime":28.142811000347137,"msg":"request completed"}
{"level":30,"time":1779040276240,"pid":1169172,"hostname":"ali","reqId":"req-1v","res":{"statusCode":200},"responseTime":266.87934601306915,"msg":"request completed"}
{"level":30,"time":1779040277386,"pid":1169172,"hostname":"ali","reqId":"req-1w","req":{"method":"GET","url":"/api/absence-reasons","host":"localhost:3000","remoteAddress":"::1","remotePort":50188},"msg":"incoming request"}
{"level":30,"time":1779040277423,"pid":1169172,"hostname":"ali","reqId":"req-1w","res":{"statusCode":200},"responseTime":35.674935042858124,"msg":"request completed"}
{"level":30,"time":1779040292856,"pid":1169172,"hostname":"ali","reqId":"req-1x","req":{"method":"POST","url":"/api/absence","host":"localhost:3000","remoteAddress":"::1","remotePort":38340},"msg":"incoming request"}
{"level":30,"time":1779040292962,"pid":1169172,"hostname":"ali","reqId":"req-1x","res":{"statusCode":201},"responseTime":102.46300399303436,"msg":"request completed"}
{"level":30,"time":1779040292993,"pid":1169172,"hostname":"ali","reqId":"req-1y","req":{"method":"GET","url":"/api/absence","host":"localhost:3000","remoteAddress":"::1","remotePort":38348},"msg":"incoming request"}
{"level":30,"time":1779040293001,"pid":1169172,"hostname":"ali","reqId":"req-1y","res":{"statusCode":200},"responseTime":8.198803007602692,"msg":"request completed"}
{"level":30,"time":1779040298154,"pid":1169172,"hostname":"ali","reqId":"req-1z","req":{"method":"GET","url":"/api/auth/me","host":"localhost:3000","remoteAddress":"::1","remotePort":54176},"msg":"incoming request"}
{"level":30,"time":1779040298162,"pid":1169172,"hostname":"ali","reqId":"req-1z","res":{"statusCode":200},"responseTime":6.964748024940491,"msg":"request completed"}
{"level":30,"time":1779040298860,"pid":1169172,"hostname":"ali","reqId":"req-20","req":{"method":"GET","url":"/api/timesheet","host":"localhost:3000","remoteAddress":"::1","remotePort":54190},"msg":"incoming request"}
{"level":30,"time":1779040298903,"pid":1169172,"hostname":"ali","reqId":"req-20","res":{"statusCode":200},"responseTime":42.575881004333496,"msg":"request completed"}
{"level":30,"time":1779040298927,"pid":1169172,"hostname":"ali","reqId":"req-21","req":{"method":"GET","url":"/api/absence","host":"localhost:3000","remoteAddress":"::1","remotePort":54198},"msg":"incoming request"}
{"level":30,"time":1779040299018,"pid":1169172,"hostname":"ali","reqId":"req-21","res":{"statusCode":200},"responseTime":49.49582505226135,"msg":"request completed"}
{"level":30,"time":1779040299019,"pid":1169172,"hostname":"ali","reqId":"req-22","req":{"method":"GET","url":"/api/timesheet","host":"localhost:3000","remoteAddress":"::1","remotePort":54206},"msg":"incoming request"}
{"level":30,"time":1779040299154,"pid":1169172,"hostname":"ali","reqId":"req-23","req":{"method":"GET","url":"/api/absence","host":"localhost:3000","remoteAddress":"::1","remotePort":54218},"msg":"incoming request"}
{"level":30,"time":1779040299161,"pid":1169172,"hostname":"ali","reqId":"req-22","res":{"statusCode":200},"responseTime":142.09998697042465,"msg":"request completed"}
{"level":30,"time":1779040299317,"pid":1169172,"hostname":"ali","reqId":"req-23","res":{"statusCode":200},"responseTime":162.72680300474167,"msg":"request completed"}
{"level":30,"time":1779040434333,"pid":1169172,"hostname":"ali","reqId":"req-24","req":{"method":"GET","url":"/api/auth/me","host":"localhost:3000","remoteAddress":"::1","remotePort":58066},"msg":"incoming request"}
{"level":30,"time":1779040434396,"pid":1169172,"hostname":"ali","reqId":"req-24","res":{"statusCode":200},"responseTime":62.103304982185364,"msg":"request completed"}
{"level":30,"time":1779040434470,"pid":1169172,"hostname":"ali","reqId":"req-25","req":{"method":"GET","url":"/api/timesheet","host":"localhost:3000","remoteAddress":"::1","remotePort":58072},"msg":"incoming request"}
{"level":30,"time":1779040434484,"pid":1169172,"hostname":"ali","reqId":"req-26","req":{"method":"GET","url":"/api/absence","host":"localhost:3000","remoteAddress":"::1","remotePort":58074},"msg":"incoming request"}
{"level":30,"time":1779040434499,"pid":1169172,"hostname":"ali","reqId":"req-25","res":{"statusCode":200},"responseTime":26.30995100736618,"msg":"request completed"}
{"level":30,"time":1779040434526,"pid":1169172,"hostname":"ali","reqId":"req-26","res":{"statusCode":200},"responseTime":41.22332400083542,"msg":"request completed"}
{"level":30,"time":1779040434575,"pid":1169172,"hostname":"ali","reqId":"req-27","req":{"method":"GET","url":"/api/timesheet","host":"localhost:3000","remoteAddress":"::1","remotePort":58076},"msg":"incoming request"}
{"level":30,"time":1779040434607,"pid":1169172,"hostname":"ali","reqId":"req-27","res":{"statusCode":200},"responseTime":31.45289796590805,"msg":"request completed"}
{"level":30,"time":1779040434608,"pid":1169172,"hostname":"ali","reqId":"req-28","req":{"method":"GET","url":"/api/absence","host":"localhost:3000","remoteAddress":"::1","remotePort":58086},"msg":"incoming request"}
{"level":30,"time":1779040434615,"pid":1169172,"hostname":"ali","reqId":"req-28","res":{"statusCode":200},"responseTime":7.265902996063232,"msg":"request completed"}
{"level":30,"time":1779040510116,"pid":1169172,"hostname":"ali","reqId":"req-29","req":{"method":"GET","url":"/api/timesheet","host":"localhost:3000","remoteAddress":"::1","remotePort":33344},"msg":"incoming request"}
{"level":30,"time":1779040510127,"pid":1169172,"hostname":"ali","reqId":"req-2a","req":{"method":"GET","url":"/api/absence","host":"localhost:3000","remoteAddress":"::1","remotePort":33354},"msg":"incoming request"}
{"level":30,"time":1779040510327,"pid":1169172,"hostname":"ali","reqId":"req-29","res":{"statusCode":200},"responseTime":210.63500499725342,"msg":"request completed"}
{"level":30,"time":1779040510364,"pid":1169172,"hostname":"ali","reqId":"req-2a","res":{"statusCode":200},"responseTime":236.57225501537323,"msg":"request completed"}
{"level":30,"time":1779040510385,"pid":1169172,"hostname":"ali","reqId":"req-2b","req":{"method":"GET","url":"/api/timesheet","host":"localhost:3000","remoteAddress":"::1","remotePort":33362},"msg":"incoming request"}
{"level":30,"time":1779040510407,"pid":1169172,"hostname":"ali","reqId":"req-2c","req":{"method":"GET","url":"/api/absence","host":"localhost:3000","remoteAddress":"::1","remotePort":33370},"msg":"incoming request"}
{"level":30,"time":1779040510497,"pid":1169172,"hostname":"ali","reqId":"req-2b","res":{"statusCode":200},"responseTime":112.44494199752808,"msg":"request completed"}
{"level":30,"time":1779040510500,"pid":1169172,"hostname":"ali","reqId":"req-2c","res":{"statusCode":200},"responseTime":68.10478502511978,"msg":"request completed"}
{"level":30,"time":1779040522152,"pid":1169172,"hostname":"ali","reqId":"req-2d","req":{"method":"GET","url":"/api/auth/me","host":"localhost:3000","remoteAddress":"::1","remotePort":46146},"msg":"incoming request"}
{"level":30,"time":1779040522316,"pid":1169172,"hostname":"ali","reqId":"req-2d","res":{"statusCode":200},"responseTime":116.83705800771713,"msg":"request completed"}
{"level":30,"time":1779040522527,"pid":1169172,"hostname":"ali","reqId":"req-2e","req":{"method":"GET","url":"/api/timesheet","host":"localhost:3000","remoteAddress":"::1","remotePort":46160},"msg":"incoming request"}
{"level":30,"time":1779040522531,"pid":1169172,"hostname":"ali","reqId":"req-2f","req":{"method":"GET","url":"/api/absence","host":"localhost:3000","remoteAddress":"::1","remotePort":46172},"msg":"incoming request"}
{"level":30,"time":1779040522547,"pid":1169172,"hostname":"ali","reqId":"req-2e","res":{"statusCode":200},"responseTime":20.206919014453888,"msg":"request completed"}
{"level":30,"time":1779040522606,"pid":1169172,"hostname":"ali","reqId":"req-2g","req":{"method":"GET","url":"/api/timesheet","host":"localhost:3000","remoteAddress":"::1","remotePort":46178},"msg":"incoming request"}
{"level":30,"time":1779040522618,"pid":1169172,"hostname":"ali","reqId":"req-2g","res":{"statusCode":200},"responseTime":11.644487977027893,"msg":"request completed"}
{"level":30,"time":1779040522653,"pid":1169172,"hostname":"ali","reqId":"req-2f","res":{"statusCode":200},"responseTime":121.78313601016998,"msg":"request completed"}
{"level":30,"time":1779040522671,"pid":1169172,"hostname":"ali","reqId":"req-2h","req":{"method":"GET","url":"/api/absence","host":"localhost:3000","remoteAddress":"::1","remotePort":46182},"msg":"incoming request"}
{"level":30,"time":1779040522683,"pid":1169172,"hostname":"ali","reqId":"req-2h","res":{"statusCode":200},"responseTime":11.623947978019714,"msg":"request completed"}
{"level":30,"time":1779040586976,"pid":1169172,"hostname":"ali","reqId":"req-2i","req":{"method":"GET","url":"/api/export/template","host":"localhost:3000","remoteAddress":"::1","remotePort":42908},"msg":"incoming request"}
{"level":30,"time":1779040586984,"pid":1169172,"hostname":"ali","reqId":"req-2j","req":{"method":"GET","url":"/api/absence-reasons","host":"localhost:3000","remoteAddress":"::1","remotePort":42914},"msg":"incoming request"}
{"level":30,"time":1779040586988,"pid":1169172,"hostname":"ali","reqId":"req-2k","req":{"method":"GET","url":"/api/holidays","host":"localhost:3000","remoteAddress":"::1","remotePort":42924},"msg":"incoming request"}
{"level":30,"time":1779040587053,"pid":1169172,"hostname":"ali","reqId":"req-2i","res":{"statusCode":200},"responseTime":75.55028802156448,"msg":"request completed"}
{"level":30,"time":1779040587057,"pid":1169172,"hostname":"ali","reqId":"req-2j","res":{"statusCode":200},"responseTime":72.31177496910095,"msg":"request completed"}
{"level":30,"time":1779040587068,"pid":1169172,"hostname":"ali","reqId":"req-2k","res":{"statusCode":200},"responseTime":79.33915102481842,"msg":"request completed"}
{"level":30,"time":1779040587445,"pid":1169172,"hostname":"ali","reqId":"req-2l","req":{"method":"GET","url":"/api/export/template","host":"localhost:3000","remoteAddress":"::1","remotePort":42930},"msg":"incoming request"}
{"level":30,"time":1779040587447,"pid":1169172,"hostname":"ali","reqId":"req-2m","req":{"method":"GET","url":"/api/absence-reasons","host":"localhost:3000","remoteAddress":"::1","remotePort":42938},"msg":"incoming request"}
{"level":30,"time":1779040587450,"pid":1169172,"hostname":"ali","reqId":"req-2l","res":{"statusCode":200},"responseTime":4.9201719760894775,"msg":"request completed"}
{"level":30,"time":1779040587453,"pid":1169172,"hostname":"ali","reqId":"req-2n","req":{"method":"GET","url":"/api/holidays","host":"localhost:3000","remoteAddress":"::1","remotePort":42942},"msg":"incoming request"}
{"level":30,"time":1779040587460,"pid":1169172,"hostname":"ali","reqId":"req-2m","res":{"statusCode":200},"responseTime":12.79917299747467,"msg":"request completed"}
{"level":30,"time":1779040587465,"pid":1169172,"hostname":"ali","reqId":"req-2n","res":{"statusCode":200},"responseTime":11.584527969360352,"msg":"request completed"}
{"level":30,"time":1779040593899,"pid":1169172,"hostname":"ali","reqId":"req-2o","req":{"method":"POST","url":"/api/holidays/sync","host":"localhost:3000","remoteAddress":"::1","remotePort":42958},"msg":"incoming request"}
{"level":30,"time":1779040594489,"pid":1169172,"hostname":"ali","reqId":"req-2o","res":{"statusCode":200},"responseTime":589.4631639719009,"msg":"request completed"}
{"level":30,"time":1779040594502,"pid":1169172,"hostname":"ali","reqId":"req-2p","req":{"method":"GET","url":"/api/holidays","host":"localhost:3000","remoteAddress":"::1","remotePort":42972},"msg":"incoming request"}
{"level":30,"time":1779040594504,"pid":1169172,"hostname":"ali","reqId":"req-2p","res":{"statusCode":200},"responseTime":2.1753169894218445,"msg":"request completed"}
{"level":30,"time":1779040605877,"pid":1169172,"hostname":"ali","reqId":"req-2q","req":{"method":"DELETE","url":"/api/holidays/8cd31ed6-35f0-46cf-baf7-e0c99b5b3071","host":"localhost:3000","remoteAddress":"::1","remotePort":33552},"msg":"incoming request"}
{"level":30,"time":1779040606037,"pid":1169172,"hostname":"ali","reqId":"req-2q","res":{"statusCode":200},"responseTime":159.94079196453094,"msg":"request completed"}
{"level":30,"time":1779040609125,"pid":1169172,"hostname":"ali","reqId":"req-2r","req":{"method":"POST","url":"/api/holidays/sync","host":"localhost:3000","remoteAddress":"::1","remotePort":33558},"msg":"incoming request"}
{"level":30,"time":1779040609580,"pid":1169172,"hostname":"ali","reqId":"req-2r","res":{"statusCode":200},"responseTime":454.95169299840927,"msg":"request completed"}
{"level":30,"time":1779040609600,"pid":1169172,"hostname":"ali","reqId":"req-2s","req":{"method":"GET","url":"/api/holidays","host":"localhost:3000","remoteAddress":"::1","remotePort":33564},"msg":"incoming request"}
{"level":30,"time":1779040609605,"pid":1169172,"hostname":"ali","reqId":"req-2s","res":{"statusCode":200},"responseTime":4.588684022426605,"msg":"request completed"}
{"level":30,"time":1779040732658,"pid":1169172,"hostname":"ali","reqId":"req-2t","req":{"method":"GET","url":"/api/timesheet","host":"localhost:3000","remoteAddress":"::1","remotePort":35322},"msg":"incoming request"}
{"level":30,"time":1779040732677,"pid":1169172,"hostname":"ali","reqId":"req-2u","req":{"method":"GET","url":"/api/absence","host":"localhost:3000","remoteAddress":"::1","remotePort":35330},"msg":"incoming request"}
{"level":30,"time":1779040732704,"pid":1169172,"hostname":"ali","reqId":"req-2t","res":{"statusCode":200},"responseTime":45.655171036720276,"msg":"request completed"}
{"level":30,"time":1779040732709,"pid":1169172,"hostname":"ali","reqId":"req-2v","req":{"method":"GET","url":"/api/timesheet","host":"localhost:3000","remoteAddress":"::1","remotePort":35336},"msg":"incoming request"}
{"level":30,"time":1779040732724,"pid":1169172,"hostname":"ali","reqId":"req-2u","res":{"statusCode":200},"responseTime":46.80963599681854,"msg":"request completed"}
{"level":30,"time":1779040732743,"pid":1169172,"hostname":"ali","reqId":"req-2v","res":{"statusCode":200},"responseTime":33.90451103448868,"msg":"request completed"}
{"level":30,"time":1779040732744,"pid":1169172,"hostname":"ali","reqId":"req-2w","req":{"method":"GET","url":"/api/absence","host":"localhost:3000","remoteAddress":"::1","remotePort":35350},"msg":"incoming request"}
{"level":30,"time":1779040732749,"pid":1169172,"hostname":"ali","reqId":"req-2w","res":{"statusCode":200},"responseTime":5.509005010128021,"msg":"request completed"}
{"level":30,"time":1779040735243,"pid":1169172,"hostname":"ali","reqId":"req-2x","req":{"method":"GET","url":"/api/timesheet","host":"localhost:3000","remoteAddress":"::1","remotePort":35474},"msg":"incoming request"}
{"level":30,"time":1779040735266,"pid":1169172,"hostname":"ali","reqId":"req-2x","res":{"statusCode":200},"responseTime":22.388296008110046,"msg":"request completed"}
{"level":30,"time":1779040735267,"pid":1169172,"hostname":"ali","reqId":"req-2y","req":{"method":"GET","url":"/api/absence","host":"localhost:3000","remoteAddress":"::1","remotePort":35480},"msg":"incoming request"}
{"level":30,"time":1779040735275,"pid":1169172,"hostname":"ali","reqId":"req-2y","res":{"statusCode":200},"responseTime":8.250326037406921,"msg":"request completed"}
{"level":30,"time":1779040735286,"pid":1169172,"hostname":"ali","reqId":"req-2z","req":{"method":"GET","url":"/api/timesheet","host":"localhost:3000","remoteAddress":"::1","remotePort":35488},"msg":"incoming request"}
{"level":30,"time":1779040735310,"pid":1169172,"hostname":"ali","reqId":"req-2z","res":{"statusCode":200},"responseTime":23.974918007850647,"msg":"request completed"}
{"level":30,"time":1779040735334,"pid":1169172,"hostname":"ali","reqId":"req-30","req":{"method":"GET","url":"/api/absence","host":"localhost:3000","remoteAddress":"::1","remotePort":35504},"msg":"incoming request"}
{"level":30,"time":1779040735399,"pid":1169172,"hostname":"ali","reqId":"req-30","res":{"statusCode":200},"responseTime":64.19357198476791,"msg":"request completed"}
{"level":30,"time":1779040767124,"pid":1169172,"hostname":"ali","reqId":"req-31","req":{"method":"GET","url":"/api/absence-reasons","host":"localhost:3000","remoteAddress":"::1","remotePort":52504},"msg":"incoming request"}
{"level":30,"time":1779040767148,"pid":1169172,"hostname":"ali","reqId":"req-31","res":{"statusCode":200},"responseTime":23.90199100971222,"msg":"request completed"}
{"level":30,"time":1779040790121,"pid":1169172,"hostname":"ali","reqId":"req-32","req":{"method":"GET","url":"/api/absence-reasons","host":"localhost:3000","remoteAddress":"::1","remotePort":55702},"msg":"incoming request"}
{"level":30,"time":1779040790138,"pid":1169172,"hostname":"ali","reqId":"req-32","res":{"statusCode":200},"responseTime":17.489673018455505,"msg":"request completed"}
{"level":30,"time":1779040809608,"pid":1169172,"hostname":"ali","reqId":"req-33","req":{"method":"GET","url":"/api/auth/me","host":"localhost:3000","remoteAddress":"::1","remotePort":33314},"msg":"incoming request"}
{"level":30,"time":1779040809635,"pid":1169172,"hostname":"ali","reqId":"req-33","res":{"statusCode":200},"responseTime":26.40589201450348,"msg":"request completed"}
{"level":30,"time":1779040809791,"pid":1169172,"hostname":"ali","reqId":"req-34","req":{"method":"GET","url":"/api/timesheet","host":"localhost:3000","remoteAddress":"::1","remotePort":33330},"msg":"incoming request"}
{"level":30,"time":1779040809801,"pid":1169172,"hostname":"ali","reqId":"req-35","req":{"method":"GET","url":"/api/absence","host":"localhost:3000","remoteAddress":"::1","remotePort":33338},"msg":"incoming request"}
{"level":30,"time":1779040809806,"pid":1169172,"hostname":"ali","reqId":"req-34","res":{"statusCode":200},"responseTime":15.033042013645172,"msg":"request completed"}
{"level":30,"time":1779040809814,"pid":1169172,"hostname":"ali","reqId":"req-36","req":{"method":"GET","url":"/api/timesheet","host":"localhost:3000","remoteAddress":"::1","remotePort":33354},"msg":"incoming request"}
{"level":30,"time":1779040809823,"pid":1169172,"hostname":"ali","reqId":"req-36","res":{"statusCode":200},"responseTime":9.084255039691925,"msg":"request completed"}
{"level":30,"time":1779040809841,"pid":1169172,"hostname":"ali","reqId":"req-35","res":{"statusCode":200},"responseTime":40.18313503265381,"msg":"request completed"}
{"level":30,"time":1779040809860,"pid":1169172,"hostname":"ali","reqId":"req-37","req":{"method":"GET","url":"/api/absence","host":"localhost:3000","remoteAddress":"::1","remotePort":33360},"msg":"incoming request"}
{"level":30,"time":1779040809873,"pid":1169172,"hostname":"ali","reqId":"req-37","res":{"statusCode":200},"responseTime":11.877838015556335,"msg":"request completed"}
